src/components/Auth/Signup.tsx(35,22): error TS6133: 'setPasteValue' is declared but its value is never read.
src/components/Auth/Signup.tsx(121,9): error TS6133: 'handlePasteVerify' is declared but its value is never read.
src/components/Dashboard/DailyBreakdown.tsx(2,28): error TS6133: 'useMemo' is declared but its value is never read.
src/components/Dashboard/DailyBreakdown.tsx(12,3): error TS6133: 'CardFooter' is declared but its value is never read.
src/components/Dashboard/DailyBreakdown.tsx(186,55): error TS6133: 'id' is declared but its value is never read.
src/components/Dashboard/DailyBreakdown.tsx(573,9): error TS6133: 'subjectIds' is declared but its value is never read.
src/components/TimerSettings/SettingsMenu.tsx(1,8): error TS6133: 'React' is declared but its value is never read.
src/components/TimerSettings/SettingsMenu.tsx(10,3): error TS6133: 'CardDescription' is declared but its value is never read.
src/components/TimerSettings/SettingsMenu.tsx(12,3): error TS6133: 'CardHeader' is declared but its value is never read.
src/components/TimerSettings/SettingsMenu.tsx(13,3): error TS6133: 'CardTitle' is declared but its value is never read.
src/components/TimerSettings/SubjectComboBox.tsx(153,26): error TS6133: 'name' is declared but its value is never read.
src/logic/insights/IInsightFacade.ts(103,18): error TS6133: 'endOfDay' is declared but its value is never read.
src/logic/insights/IInsightFacade.ts(198,18): error TS6133: 'bucketByDate' is declared but its value is never read.
src/pages/App/ReflectionsPage.tsx(6,28): error TS2305: Module '"@/storage/session"' has no exported member 'Session'.
src/storage/subject.ts(6,1): error TS6133: 'auth' is declared but its value is never read.
